1970-01-01 03:00:00.000     0-0     <no-tag>                                                     I  ---------------------------- PROCESS STARTED (8889) for package com.example.testapp ----------------------------
2024-10-22 13:17:10.052   504-504   SurfaceFlinger          surfaceflinger                       E  Out of order buffers detected for RequestedLayerState{com.google.android.apps.nexuslauncher/com.google.android.apps.nexuslauncher.NexusLauncherActivity#337 parentId=134} producedId=5 frameNumber=251 -> producedId=5 frameNumber=52
2024-10-22 13:17:10.053  8889-8889  CompatChangeReporter    com.example.testapp                  D  Compat change id reported: 242716250; UID 10288; state: ENABLED
2024-10-22 13:17:10.060   504-504   SurfaceFlinger          surfaceflinger                       E  Out of order buffers detected for RequestedLayerState{com.google.android.apps.nexuslauncher/com.google.android.apps.nexuslauncher.NexusLauncherActivity#337 parentId=134} producedId=5 frameNumber=251 -> producedId=5 frameNumber=53
2024-10-22 13:17:10.068   504-504   SurfaceFlinger          surfaceflinger                       E  Out of order buffers detected for RequestedLayerState{com.google.android.apps.nexuslauncher/com.google.android.apps.nexuslauncher.NexusLauncherActivity#337 parentId=134} producedId=5 frameNumber=251 -> producedId=5 frameNumber=54
2024-10-22 13:17:10.074  8889-8889  ziparchive              com.example.testapp                  W  Unable to open '/data/app/~~EzzSAaQNyOMpYohchcKnGg==/com.example.testapp-EBX-S2hRACwaJpMQ0cuQTQ==/base.dm': No such file or directory
2024-10-22 13:17:10.074  8889-8889  ziparchive              com.example.testapp                  W  Unable to open '/data/app/~~EzzSAaQNyOMpYohchcKnGg==/com.example.testapp-EBX-S2hRACwaJpMQ0cuQTQ==/base.dm': No such file or directory
2024-10-22 13:17:10.190  8889-8889  nativeloader            com.example.testapp                  D  Configuring clns-7 for other apk /data/app/~~EzzSAaQNyOMpYohchcKnGg==/com.example.testapp-EBX-S2hRACwaJpMQ0cuQTQ==/base.apk. target_sdk_version=34, uses_libraries=, library_path=/data/app/~~EzzSAaQNyOMpYohchcKnGg==/com.example.testapp-EBX-S2hRACwaJpMQ0cuQTQ==/lib/arm64:/data/app/~~EzzSAaQNyOMpYohchcKnGg==/com.example.testapp-EBX-S2hRACwaJpMQ0cuQTQ==/base.apk!/lib/arm64-v8a, permitted_path=/data:/mnt/expand:/data/user/0/com.example.testapp
2024-10-22 13:17:10.203  8889-8889  GraphicsEnvironment     com.example.testapp                  V  Currently set values for:
2024-10-22 13:17:10.203  8889-8889  GraphicsEnvironment     com.example.testapp                  V    angle_gl_driver_selection_pkgs=[com.android.angle, com.linecorp.b612.android, com.campmobile.snow, com.google.android.apps.tachyon]
2024-10-22 13:17:10.203  8889-8889  GraphicsEnvironment     com.example.testapp                  V    angle_gl_driver_selection_values=[angle, native, native, native]
2024-10-22 13:17:10.203  8889-8889  GraphicsEnvironment     com.example.testapp                  V  com.example.testapp is not listed in per-application setting
2024-10-22 13:17:10.203  8889-8889  GraphicsEnvironment     com.example.testapp                  V  Neither updatable production driver nor prerelease driver is supported.
2024-10-22 13:17:10.219  1863-1909  WindowManagerShell      com.android.systemui                 V  Transition animation finished (aborted=false), notifying core (#31) android.os.BinderProxy@ae4352e@0
2024-10-22 13:17:10.220  1473-1594  WindowManager           system_server                        V  Finish Transition (#31): created at 10-22 13:17:09.902 collect-started=0.099ms request-sent=7.466ms started=8.734ms ready=23.195ms sent=24.401ms finished=316.469ms
2024-10-22 13:17:10.220  2377-2377  VRI[NexusL...rActivity] com...le.android.apps.nexuslauncher  D  visibilityChanged oldVisibility=true newVisibility=false
2024-10-22 13:17:10.220  1863-1909  WindowManagerShell      com.android.systemui                 V  Track 0 became idle
2024-10-22 13:17:10.220  1863-1909  WindowManagerShell      com.android.systemui                 V  All active transition animations finished
2024-10-22 13:17:10.220  1473-2050  UserManagerService      system_server                        W  Requested status bar icon for non-badged user 0
2024-10-22 13:17:10.221  1473-2050  UserManagerService      system_server                        W  Requested status bar icon for non-badged user 0
2024-10-22 13:17:10.227  2377-2377  NexusLaunc...elDelegate com...le.android.apps.nexuslauncher  D  notifySmartspaceEvent: SmartspaceTargetEvent{mSmartspaceTarget=null, mSmartspaceActionId='null', mEventType=7}
2024-10-22 13:17:10.228  8889-8910  vulkan                  com.example.testapp                  D  searching for layers in '/data/app/~~EzzSAaQNyOMpYohchcKnGg==/com.example.testapp-EBX-S2hRACwaJpMQ0cuQTQ==/lib/arm64'
2024-10-22 13:17:10.228  8889-8910  vulkan                  com.example.testapp                  D  searching for layers in '/data/app/~~EzzSAaQNyOMpYohchcKnGg==/com.example.testapp-EBX-S2hRACwaJpMQ0cuQTQ==/base.apk!/lib/arm64-v8a'
2024-10-22 13:17:10.249  8889-8889  DesktopModeFlagsUtil    com.example.testapp                  D  Toggle override initialized to: OVERRIDE_UNSET
2024-10-22 13:17:10.255  8889-8889  MY_LOGS                 com.example.testapp                  D  Loading library jnidispatch
1970-01-01 03:00:00.000     0-0     <no-tag>                                                     I  --------- beginning of crash
2024-10-22 13:17:10.265  8889-8889  nativeloader            com.example.testapp                  D  Load /data/app/~~EzzSAaQNyOMpYohchcKnGg==/com.example.testapp-EBX-S2hRACwaJpMQ0cuQTQ==/base.apk!/lib/arm64-v8a/libjnidispatch.so using ns clns-7 from class loader (caller=/data/app/~~EzzSAaQNyOMpYohchcKnGg==/com.example.testapp-EBX-S2hRACwaJpMQ0cuQTQ==/base.apk!classes4.dex): ok
2024-10-22 13:17:10.265  8889-8889  libc                    com.example.testapp                  A  Fatal signal 11 (SIGSEGV), code 2 (SEGV_ACCERR), fault addr 0x71f36996a590 in tid 8889 (example.testapp), pid 8889 (example.testapp)
2024-10-22 13:17:10.276  8918-8918  crash_dump64            pid-8918                             E  failed to get the guest state header for thread 8889: Bad address
2024-10-22 13:17:10.276  8918-8918  crash_dump64            pid-8918                             E  failed to get the guest state header for thread 8891: Bad address
2024-10-22 13:17:10.276  8918-8918  crash_dump64            pid-8918                             E  failed to get the guest state header for thread 8892: Bad address
2024-10-22 13:17:10.276  8918-8918  crash_dump64            pid-8918                             E  failed to get the guest state header for thread 8893: Bad address
2024-10-22 13:17:10.277  8918-8918  crash_dump64            pid-8918                             E  failed to get the guest state header for thread 8894: Bad address
2024-10-22 13:17:10.277  8918-8918  crash_dump64            pid-8918                             E  failed to get the guest state header for thread 8895: Bad address
2024-10-22 13:17:10.277  8918-8918  crash_dump64            pid-8918                             E  failed to get the guest state header for thread 8896: Bad address
2024-10-22 13:17:10.277  8918-8918  crash_dump64            pid-8918                             E  failed to get the guest state header for thread 8897: Bad address
2024-10-22 13:17:10.277  8918-8918  crash_dump64            pid-8918                             E  failed to get the guest state header for thread 8898: Bad address
2024-10-22 13:17:10.277  8918-8918  crash_dump64            pid-8918                             E  failed to get the guest state header for thread 8899: Bad address
2024-10-22 13:17:10.277  8918-8918  crash_dump64            pid-8918                             E  failed to get the guest state header for thread 8900: Bad address
2024-10-22 13:17:10.277  8918-8918  crash_dump64            pid-8918                             E  failed to get the guest state header for thread 8902: Bad address
2024-10-22 13:17:10.277  8918-8918  crash_dump64            pid-8918                             E  failed to get the guest state header for thread 8909: Bad address
2024-10-22 13:17:10.277  8918-8918  crash_dump64            pid-8918                             E  failed to get the guest state header for thread 8910: Bad address
2024-10-22 13:17:10.277  8918-8918  crash_dump64            pid-8918                             E  failed to get the guest state header for thread 8914: Bad address
2024-10-22 13:17:10.277  8918-8918  crash_dump64            pid-8918                             E  failed to get the guest state header for thread 8915: Bad address
2024-10-22 13:17:10.283  8918-8918  crash_dump64            pid-8918                             I  obtaining output fd from tombstoned, type: kDebuggerdTombstoneProto
2024-10-22 13:17:10.284   603-603   tombstoned              tombstoned                           I  received crash request for pid 8889
2024-10-22 13:17:10.284  8918-8918  crash_dump64            pid-8918                             I  performing dump of process 8889 (target tid = 8889)
2024-10-22 13:17:10.368  8918-8918  DEBUG                   pid-8918                             A  *** *** *** *** *** *** *** *** *** *** *** *** *** *** *** ***
2024-10-22 13:17:10.368  8918-8918  DEBUG                   pid-8918                             A  Build fingerprint: 'google/shiba_beta_16kb/shiba:15/AP41.240925.009/12534705:user/release-keys'
2024-10-22 13:17:10.368  8918-8918  DEBUG                   pid-8918                             A  Revision: 'MP1.0'
2024-10-22 13:17:10.368  8918-8918  DEBUG                   pid-8918                             A  ABI: 'arm64'
2024-10-22 13:17:10.368  8918-8918  DEBUG                   pid-8918                             A  Timestamp: 2024-10-22 13:17:10.288356053+0300
2024-10-22 13:17:10.368  8918-8918  DEBUG                   pid-8918                             A  Process uptime: 1s
2024-10-22 13:17:10.368  8918-8918  DEBUG                   pid-8918                             A  Page size: 16384 bytes
2024-10-22 13:17:10.368  8918-8918  DEBUG                   pid-8918                             A  Cmdline: com.example.testapp
2024-10-22 13:17:10.368  8918-8918  DEBUG                   pid-8918                             A  pid: 8889, tid: 8889, name: example.testapp  >>> com.example.testapp <<<
2024-10-22 13:17:10.368  8918-8918  DEBUG                   pid-8918                             A  uid: 10288
2024-10-22 13:17:10.368  8918-8918  DEBUG                   pid-8918                             A  tagged_addr_ctrl: 0000000000000001 (PR_TAGGED_ADDR_ENABLE)
2024-10-22 13:17:10.368  8918-8918  DEBUG                   pid-8918                             A  pac_enabled_keys: 000000000000000f (PR_PAC_APIAKEY, PR_PAC_APIBKEY, PR_PAC_APDAKEY, PR_PAC_APDBKEY)
2024-10-22 13:17:10.368  8918-8918  DEBUG                   pid-8918                             A  signal 11 (SIGSEGV), code 2 (SEGV_ACCERR), fault addr 0x000071f36996a590
2024-10-22 13:17:10.368  8918-8918  DEBUG                   pid-8918                             A      x0  000071f633c70049  x1  000000005c000000  x2  b40071f3b4a88010  x3  000071f3704956af
2024-10-22 13:17:10.368  8918-8918  DEBUG                   pid-8918                             A      x4  00007fffd559d838  x5  6176616a4c1c0000  x6  00809ccceae17661  x7  00000000003b7463
2024-10-22 13:17:10.368  8918-8918  DEBUG                   pid-8918                             A      x8  eb88c436900b68fb  x9  eb88c436900b68fb  x10 eb88c436900b68fb  x11 0000000000000014
2024-10-22 13:17:10.369  8918-8918  DEBUG                   pid-8918                             A      x12 0000000070b84d90  x13 b40071f4c4aa2c08  x14 00007fffd559d720  x15 0000000000000007
2024-10-22 13:17:10.369  8918-8918  DEBUG                   pid-8918                             A      x16 0000000000000001  x17 000000007377d850  x18 000071f635088000  x19 b40071f4c4aa2bf0
2024-10-22 13:17:10.369  8918-8918  DEBUG                   pid-8918                             A      x20 000071f36996a248  x21 b40071f414a7f2d0  x22 0000000000000001  x23 000071f36996a000
2024-10-22 13:17:10.369  8918-8918  DEBUG                   pid-8918                             A      x24 b40071f4c4aa2bf0  x25 000071f369949848  x26 b40071f3d4a9b230  x27 b40071f3d4a9b290
2024-10-22 13:17:10.369  8918-8918  DEBUG                   pid-8918                             A      x28 000071f633c7003d  x29 00007fffd559d8e0
2024-10-22 13:17:10.369  8918-8918  DEBUG                   pid-8918                             A      lr  000071f3699498d0  sp  00007fffd559d8e0  pc  000071f3699498d0  pst 0000000060001000
2024-10-22 13:17:10.369  8918-8918  DEBUG                   pid-8918                             A  93 total frames
2024-10-22 13:17:10.369  8918-8918  DEBUG                   pid-8918                             A  backtrace:
2024-10-22 13:17:10.369  8918-8918  DEBUG                   pid-8918                             A        #00 pc 00000000000098d0  /data/app/~~EzzSAaQNyOMpYohchcKnGg==/com.example.testapp-EBX-S2hRACwaJpMQ0cuQTQ==/base.apk (offset 0x4000) (JNI_OnLoad+136) (BuildId: 250b958e1c7b2b30851e8c8fc432870c04f0e7d9)
2024-10-22 13:17:10.369  8918-8918  DEBUG                   pid-8918                             A        #01 pc 000000000066fb80  /apex/com.android.art/lib64/libart.so (art::JavaVMExt::LoadNativeLibrary(_JNIEnv*, std::__1::basic_string<char, std::__1::char_traits<char>, std::__1::allocator<char>> const&, _jobject*, _jclass*, std::__1::basic_string<char, std::__1::char_traits<char>, std::__1::allocator<char>>*)+1280) (BuildId: 27d824f901af23b82abd1f08138ee412)
2024-10-22 13:17:10.369  8918-8918  DEBUG                   pid-8918                             A        #02 pc 0000000000005914  /apex/com.android.art/lib64/libopenjdkjvm.so (JVM_NativeLoad+356) (BuildId: 52e480f4d160d1f919dafa72cae26e8a)
2024-10-22 13:17:10.369  8918-8918  DEBUG                   pid-8918                             A        #03 pc 0000000002088380  /memfd:jit-cache (deleted) (offset 0x2000000) (art_jni_trampoline+176)
2024-10-22 13:17:10.369  8918-8918  DEBUG                   pid-8918                             A        #04 pc 0000000002022f78  /memfd:jit-cache (deleted) (offset 0x2000000) (java.lang.Runtime.loadLibrary0+408)
2024-10-22 13:17:10.369  8918-8918  DEBUG                   pid-8918                             A        #05 pc 00000000020226e0  /memfd:jit-cache (deleted) (offset 0x2000000) (java.lang.Runtime.loadLibrary0+160)
2024-10-22 13:17:10.369  8918-8918  DEBUG                   pid-8918                             A        #06 pc 0000000002022470  /memfd:jit-cache (deleted) (offset 0x2000000) (java.lang.System.loadLibrary+160)
2024-10-22 13:17:10.369  8918-8918  DEBUG                   pid-8918                             A        #07 pc 0000000000362a40  /apex/com.android.art/lib64/libart.so (art_quick_invoke_static_stub+640) (BuildId: 27d824f901af23b82abd1f08138ee412)
2024-10-22 13:17:10.369  8918-8918  DEBUG                   pid-8918                             A        #08 pc 000000000035bd94  /apex/com.android.art/lib64/libart.so (bool art::interpreter::DoCall<false>(art::ArtMethod*, art::Thread*, art::ShadowFrame&, art::Instruction const*, unsigned short, bool, art::JValue*)+2048) (BuildId: 27d824f901af23b82abd1f08138ee412)
2024-10-22 13:17:10.369  8918-8918  DEBUG                   pid-8918                             A        #09 pc 000000000076dd80  /apex/com.android.art/lib64/libart.so (void art::interpreter::ExecuteSwitchImplCpp<false>(art::interpreter::SwitchImplContext*)+12208) (BuildId: 27d824f901af23b82abd1f08138ee412)
2024-10-22 13:17:10.369  8918-8918  DEBUG                   pid-8918                             A        #10 pc 000000000037b5d8  /apex/com.android.art/lib64/libart.so (ExecuteSwitchImplAsm+8) (BuildId: 27d824f901af23b82abd1f08138ee412)
2024-10-22 13:17:10.369  8918-8918  DEBUG                   pid-8918                             A        #11 pc 000000000000126c  [anon:dalvik-classes4.dex extracted in memory from /data/app/~~EzzSAaQNyOMpYohchcKnGg==/com.example.testapp-EBX-S2hRACwaJpMQ0cuQTQ==/base.apk] (com.example.testapp.MainActivity.onCreate+0)
2024-10-22 13:17:10.369  8918-8918  DEBUG                   pid-8918                             A        #12 pc 000000000034e21c  /apex/com.android.art/lib64/libart.so (art::interpreter::Execute(art::Thread*, art::CodeItemDataAccessor const&, art::ShadowFrame&, art::JValue, bool, bool) (.__uniq.112435418011751916792819755956732575238.llvm.2845697060370838518)+428) (BuildId: 27d824f901af23b82abd1f08138ee412)
2024-10-22 13:17:10.369  8918-8918  DEBUG                   pid-8918                             A        #13 pc 000000000035c5b0  /apex/com.android.art/lib64/libart.so (bool art::interpreter::DoCall<false>(art::ArtMethod*, art::Thread*, art::ShadowFrame&, art::Instruction const*, unsigned short, bool, art::JValue*)+4124) (BuildId: 27d824f901af23b82abd1f08138ee412)
2024-10-22 13:17:10.369  8918-8918  DEBUG                   pid-8918                             A        #14 pc 000000000076dd80  /apex/com.android.art/lib64/libart.so (void art::interpreter::ExecuteSwitchImplCpp<false>(art::interpreter::SwitchImplContext*)+12208) (BuildId: 27d824f901af23b82abd1f08138ee412)
2024-10-22 13:17:10.369  8918-8918  DEBUG                   pid-8918                             A        #15 pc 000000000037b5d8  /apex/com.android.art/lib64/libart.so (ExecuteSwitchImplAsm+8) (BuildId: 27d824f901af23b82abd1f08138ee412)
2024-10-22 13:17:10.369  8918-8918  DEBUG                   pid-8918                             A        #16 pc 00000000001e28d4  /system/framework/framework.jar (android.app.Activity.performCreate+0)
2024-10-22 13:17:10.369  8918-8918  DEBUG                   pid-8918                             A        #17 pc 000000000034e21c  /apex/com.android.art/lib64/libart.so (art::interpreter::Execute(art::Thread*, art::CodeItemDataAccessor const&, art::ShadowFrame&, art::JValue, bool, bool) (.__uniq.112435418011751916792819755956732575238.llvm.2845697060370838518)+428) (BuildId: 27d824f901af23b82abd1f08138ee412)
2024-10-22 13:17:10.369  8918-8918  DEBUG                   pid-8918                             A        #18 pc 000000000035c5b0  /apex/com.android.art/lib64/libart.so (bool art::interpreter::DoCall<false>(art::ArtMethod*, art::Thread*, art::ShadowFrame&, art::Instruction const*, unsigned short, bool, art::JValue*)+4124) (BuildId: 27d824f901af23b82abd1f08138ee412)
2024-10-22 13:17:10.369  8918-8918  DEBUG                   pid-8918                             A        #19 pc 000000000076dd80  /apex/com.android.art/lib64/libart.so (void art::interpreter::ExecuteSwitchImplCpp<false>(art::interpreter::SwitchImplContext*)+12208) (BuildId: 27d824f901af23b82abd1f08138ee412)
2024-10-22 13:17:10.369  8918-8918  DEBUG                   pid-8918                             A        #20 pc 000000000037b5d8  /apex/com.android.art/lib64/libart.so (ExecuteSwitchImplAsm+8) (BuildId: 27d824f901af23b82abd1f08138ee412)
2024-10-22 13:17:10.369  8918-8918  DEBUG                   pid-8918                             A        #21 pc 00000000001e28b8  /system/framework/framework.jar (android.app.Activity.performCreate+0)
2024-10-22 13:17:10.369  8918-8918  DEBUG                   pid-8918                             A        #22 pc 000000000034e21c  /apex/com.android.art/lib64/libart.so (art::interpreter::Execute(art::Thread*, art::CodeItemDataAccessor const&, art::ShadowFrame&, art::JValue, bool, bool) (.__uniq.112435418011751916792819755956732575238.llvm.2845697060370838518)+428) (BuildId: 27d824f901af23b82abd1f08138ee412)
2024-10-22 13:17:10.369  8918-8918  DEBUG                   pid-8918                             A        #23 pc 000000000035c5b0  /apex/com.android.art/lib64/libart.so (bool art::interpreter::DoCall<false>(art::ArtMethod*, art::Thread*, art::ShadowFrame&, art::Instruction const*, unsigned short, bool, art::JValue*)+4124) (BuildId: 27d824f901af23b82abd1f08138ee412)
2024-10-22 13:17:10.369  8918-8918  DEBUG                   pid-8918                             A        #24 pc 000000000076dd80  /apex/com.android.art/lib64/libart.so (void art::interpreter::ExecuteSwitchImplCpp<false>(art::interpreter::SwitchImplContext*)+12208) (BuildId: 27d824f901af23b82abd1f08138ee412)
2024-10-22 13:17:10.369  8918-8918  DEBUG                   pid-8918                             A        #25 pc 000000000037b5d8  /apex/com.android.art/lib64/libart.so (ExecuteSwitchImplAsm+8) (BuildId: 27d824f901af23b82abd1f08138ee412)
2024-10-22 13:17:10.369  8918-8918  DEBUG                   pid-8918                             A        #26 pc 000000000025b004  /system/framework/framework.jar (android.app.Instrumentation.callActivityOnCreate+0)
2024-10-22 13:17:10.369  8918-8918  DEBUG                   pid-8918                             A        #27 pc 000000000034e21c  /apex/com.android.art/lib64/libart.so (art::interpreter::Execute(art::Thread*, art::CodeItemDataAccessor const&, art::ShadowFrame&, art::JValue, bool, bool) (.__uniq.112435418011751916792819755956732575238.llvm.2845697060370838518)+428) (BuildId: 27d824f901af23b82abd1f08138ee412)
2024-10-22 13:17:10.369  8918-8918  DEBUG                   pid-8918                             A        #28 pc 000000000035c5b0  /apex/com.android.art/lib64/libart.so (bool art::interpreter::DoCall<false>(art::ArtMethod*, art::Thread*, art::ShadowFrame&, art::Instruction const*, unsigned short, bool, art::JValue*)+4124) (BuildId: 27d824f901af23b82abd1f08138ee412)
2024-10-22 13:17:10.369  8918-8918  DEBUG                   pid-8918                             A        #29 pc 000000000076dd80  /apex/com.android.art/lib64/libart.so (void art::interpreter::ExecuteSwitchImplCpp<false>(art::interpreter::SwitchImplContext*)+12208) (BuildId: 27d824f901af23b82abd1f08138ee412)
2024-10-22 13:17:10.369  8918-8918  DEBUG                   pid-8918                             A        #30 pc 000000000037b5d8  /apex/com.android.art/lib64/libart.so (ExecuteSwitchImplAsm+8) (BuildId: 27d824f901af23b82abd1f08138ee412)
2024-10-22 13:17:10.369  8918-8918  DEBUG                   pid-8918                             A        #31 pc 00000000001d057c  /system/framework/framework.jar (android.app.ActivityThread.performLaunchActivity+0)
2024-10-22 13:17:10.369  8918-8918  DEBUG                   pid-8918                             A        #32 pc 000000000034e21c  /apex/com.android.art/lib64/libart.so (art::interpreter::Execute(art::Thread*, art::CodeItemDataAccessor const&, art::ShadowFrame&, art::JValue, bool, bool) (.__uniq.112435418011751916792819755956732575238.llvm.2845697060370838518)+428) (BuildId: 27d824f901af23b82abd1f08138ee412)
2024-10-22 13:17:10.369  8918-8918  DEBUG                   pid-8918                             A        #33 pc 000000000035c5b0  /apex/com.android.art/lib64/libart.so (bool art::interpreter::DoCall<false>(art::ArtMethod*, art::Thread*, art::ShadowFrame&, art::Instruction const*, unsigned short, bool, art::JValue*)+4124) (BuildId: 27d824f901af23b82abd1f08138ee412)
2024-10-22 13:17:10.369  8918-8918  DEBUG                   pid-8918                             A        #34 pc 000000000076dd80  /apex/com.android.art/lib64/libart.so (void art::interpreter::ExecuteSwitchImplCpp<false>(art::interpreter::SwitchImplContext*)+12208) (BuildId: 27d824f901af23b82abd1f08138ee412)
2024-10-22 13:17:10.369  8918-8918  DEBUG                   pid-8918                             A        #35 pc 000000000037b5d8  /apex/com.android.art/lib64/libart.so (ExecuteSwitchImplAsm+8) (BuildId: 27d824f901af23b82abd1f08138ee412)
2024-10-22 13:17:10.369  8918-8918  DEBUG                   pid-8918                             A        #36 pc 00000000001d0484  /system/framework/framework.jar (android.app.ActivityThread.handleLaunchActivity+0)
2024-10-22 13:17:10.369  8918-8918  DEBUG                   pid-8918                             A        #37 pc 000000000034d5a8  /apex/com.android.art/lib64/libart.so (artQuickToInterpreterBridge+1932) (BuildId: 27d824f901af23b82abd1f08138ee412)
2024-10-22 13:17:10.369  8918-8918  DEBUG                   pid-8918                             A        #38 pc 0000000000379098  /apex/com.android.art/lib64/libart.so (art_quick_to_interpreter_bridge+88) (BuildId: 27d824f901af23b82abd1f08138ee412)
2024-10-22 13:17:10.369  8918-8918  DEBUG                   pid-8918                             A        #39 pc 000000000077f620  /apex/com.android.art/lib64/libart.so (nterp_helper+4016) (BuildId: 27d824f901af23b82abd1f08138ee412)
2024-10-22 13:17:10.369  8918-8918  DEBUG                   pid-8918                             A        #40 pc 000000000030525e  /system/framework/framework.jar (android.app.servertransaction.LaunchActivityItem.execute+170)
2024-10-22 13:17:10.369  8918-8918  DEBUG                   pid-8918                             A        #41 pc 0000000000362774  /apex/com.android.art/lib64/libart.so (art_quick_invoke_stub+612) (BuildId: 27d824f901af23b82abd1f08138ee412)
2024-10-22 13:17:10.369  8918-8918  DEBUG                   pid-8918                             A        #42 pc 000000000035bd1c  /apex/com.android.art/lib64/libart.so (bool art::interpreter::DoCall<false>(art::ArtMethod*, art::Thread*, art::ShadowFrame&, art::Instruction const*, unsigned short, bool, art::JValue*)+1928) (BuildId: 27d824f901af23b82abd1f08138ee412)
2024-10-22 13:17:10.369  8918-8918  DEBUG                   pid-8918                             A        #43 pc 000000000076dd80  /apex/com.android.art/lib64/libart.so (void art::interpreter::ExecuteSwitchImplCpp<false>(art::interpreter::SwitchImplContext*)+12208) (BuildId: 27d824f901af23b82abd1f08138ee412)
2024-10-22 13:17:10.369  8918-8918  DEBUG                   pid-8918                             A        #44 pc 000000000037b5d8  /apex/com.android.art/lib64/libart.so (ExecuteSwitchImplAsm+8) (BuildId: 27d824f901af23b82abd1f08138ee412)
2024-10-22 13:17:10.369  8918-8918  DEBUG                   pid-8918                             A        #45 pc 00000000003075c0  /system/framework/framework.jar (android.app.servertransaction.TransactionExecutor.executeNonLifecycleItem+0)
2024-10-22 13:17:10.369  8918-8918  DEBUG                   pid-8918                             A        #46 pc 000000000034e21c  /apex/com.android.art/lib64/libart.so (art::interpreter::Execute(art::Thread*, art::CodeItemDataAccessor const&, art::ShadowFrame&, art::JValue, bool, bool) (.__uniq.112435418011751916792819755956732575238.llvm.2845697060370838518)+428) (BuildId: 27d824f901af23b82abd1f08138ee412)
2024-10-22 13:17:10.369  8918-8918  DEBUG                   pid-8918                             A        #47 pc 000000000035c5b0  /apex/com.android.art/lib64/libart.so (bool art::interpreter::DoCall<false>(art::ArtMethod*, art::Thread*, art::ShadowFrame&, art::Instruction const*, unsigned short, bool, art::JValue*)+4124) (BuildId: 27d824f901af23b82abd1f08138ee412)
2024-10-22 13:17:10.369  8918-8918  DEBUG                   pid-8918                             A        #48 pc 000000000076dd80  /apex/com.android.art/lib64/libart.so (void art::interpreter::ExecuteSwitchImplCpp<false>(art::interpreter::SwitchImplContext*)+12208) (BuildId: 27d824f901af23b82abd1f08138ee412)
2024-10-22 13:17:10.369  8918-8918  DEBUG                   pid-8918                             A        #49 pc 000000000037b5d8  /apex/com.android.art/lib64/libart.so (ExecuteSwitchImplAsm+8) (BuildId: 27d824f901af23b82abd1f08138ee412)
2024-10-22 13:17:10.369  8918-8918  DEBUG                   pid-8918                             A        #50 pc 00000000003076a0  /system/framework/framework.jar (android.app.servertransaction.TransactionExecutor.executeTransactionItems+0)
2024-10-22 13:17:10.369  8918-8918  DEBUG                   pid-8918                             A        #51 pc 000000000034e21c  /apex/com.android.art/lib64/libart.so (art::interpreter::Execute(art::Thread*, art::CodeItemDataAccessor const&, art::ShadowFrame&, art::JValue, bool, bool) (.__uniq.112435418011751916792819755956732575238.llvm.2845697060370838518)+428) (BuildId: 27d824f901af23b82abd1f08138ee412)
2024-10-22 13:17:10.369  8918-8918  DEBUG                   pid-8918                             A        #52 pc 000000000035c5b0  /apex/com.android.art/lib64/libart.so (bool art::interpreter::DoCall<false>(art::ArtMethod*, art::Thread*, art::ShadowFrame&, art::Instruction const*, unsigned short, bool, art::JValue*)+4124) (BuildId: 27d824f901af23b82abd1f08138ee412)
2024-10-22 13:17:10.369  8918-8918  DEBUG                   pid-8918                             A        #53 pc 000000000076dd80  /apex/com.android.art/lib64/libart.so (void art::interpreter::ExecuteSwitchImplCpp<false>(art::interpreter::SwitchImplContext*)+12208) (BuildId: 27d824f901af23b82abd1f08138ee412)
2024-10-22 13:17:10.369  8918-8918  DEBUG                   pid-8918                             A        #54 pc 000000000037b5d8  /apex/com.android.art/lib64/libart.so (ExecuteSwitchImplAsm+8) (BuildId: 27d824f901af23b82abd1f08138ee412)
2024-10-22 13:17:10.369  8918-8918  DEBUG                   pid-8918                             A        #55 pc 00000000003074a0  /system/framework/framework.jar (android.app.servertransaction.TransactionExecutor.execute+0)
2024-10-22 13:17:10.369  8918-8918  DEBUG                   pid-8918                             A        #56 pc 000000000034d5a8  /apex/com.android.art/lib64/libart.so (artQuickToInterpreterBridge+1932) (BuildId: 27d824f901af23b82abd1f08138ee412)
2024-10-22 13:17:10.369  8918-8918  DEBUG                   pid-8918                             A        #57 pc 0000000000379098  /apex/com.android.art/lib64/libart.so (art_quick_to_interpreter_bridge+88) (BuildId: 27d824f901af23b82abd1f08138ee412)
2024-10-22 13:17:10.369  8918-8918  DEBUG                   pid-8918                             A        #58 pc 0000000002068cfc  /memfd:jit-cache (deleted) (offset 0x2000000) (android.app.ActivityThread$H.handleMessage+1788)
2024-10-22 13:17:10.369  8918-8918  DEBUG                   pid-8918                             A        #59 pc 0000000002068520  /memfd:jit-cache (deleted) (offset 0x2000000) (android.os.Handler.dispatchMessage+304)
2024-10-22 13:17:10.369  8918-8918  DEBUG                   pid-8918                             A        #60 pc 0000000002067524  /memfd:jit-cache (deleted) (offset 0x2000000) (android.os.Looper.loopOnce+1140)
2024-10-22 13:17:10.369  8918-8918  DEBUG                   pid-8918                             A        #61 pc 0000000000362a40  /apex/com.android.art/lib64/libart.so (art_quick_invoke_static_stub+640) (BuildId: 27d824f901af23b82abd1f08138ee412)
2024-10-22 13:17:10.369  8918-8918  DEBUG                   pid-8918                             A        #62 pc 000000000035bd94  /apex/com.android.art/lib64/libart.so (bool art::interpreter::DoCall<false>(art::ArtMethod*, art::Thread*, art::ShadowFrame&, art::Instruction const*, unsigned short, bool, art::JValue*)+2048) (BuildId: 27d824f901af23b82abd1f08138ee412)
2024-10-22 13:17:10.369  8918-8918  DEBUG                   pid-8918                             A        #63 pc 000000000076dd80  /apex/com.android.art/lib64/libart.so (void art::interpreter::ExecuteSwitchImplCpp<false>(art::interpreter::SwitchImplContext*)+12208) (BuildId: 27d824f901af23b82abd1f08138ee412)
2024-10-22 13:17:10.369  8918-8918  DEBUG                   pid-8918                             A        #64 pc 000000000037b5d8  /apex/com.android.art/lib64/libart.so (ExecuteSwitchImplAsm+8) (BuildId: 27d824f901af23b82abd1f08138ee412)
2024-10-22 13:17:10.369  8918-8918  DEBUG                   pid-8918                             A        #65 pc 000000000022742c  /system/framework/framework.jar (android.os.Looper.loop+0)
2024-10-22 13:17:10.369  8918-8918  DEBUG                   pid-8918                             A        #66 pc 000000000034e21c  /apex/com.android.art/lib64/libart.so (art::interpreter::Execute(art::Thread*, art::CodeItemDataAccessor const&, art::ShadowFrame&, art::JValue, bool, bool) (.__uniq.112435418011751916792819755956732575238.llvm.2845697060370838518)+428) (BuildId: 27d824f901af23b82abd1f08138ee412)
2024-10-22 13:17:10.369  8918-8918  DEBUG                   pid-8918                             A        #67 pc 000000000035c5b0  /apex/com.android.art/lib64/libart.so (bool art::interpreter::DoCall<false>(art::ArtMethod*, art::Thread*, art::ShadowFrame&, art::Instruction const*, unsigned short, bool, art::JValue*)+4124) (BuildId: 27d824f901af23b82abd1f08138ee412)
2024-10-22 13:17:10.369  8918-8918  DEBUG                   pid-8918                             A        #68 pc 000000000076dd80  /apex/com.android.art/lib64/libart.so (void art::interpreter::ExecuteSwitchImplCpp<false>(art::interpreter::SwitchImplContext*)+12208) (BuildId: 27d824f901af23b82abd1f08138ee412)
2024-10-22 13:17:10.369  8918-8918  DEBUG                   pid-8918                             A        #69 pc 000000000037b5d8  /apex/com.android.art/lib64/libart.so (ExecuteSwitchImplAsm+8) (BuildId: 27d824f901af23b82abd1f08138ee412)
2024-10-22 13:17:10.369  8918-8918  DEBUG                   pid-8918                             A        #70 pc 00000000001da730  /system/framework/framework.jar (android.app.ActivityThread.main+0)
2024-10-22 13:17:10.369  8918-8918  DEBUG                   pid-8918                             A        #71 pc 000000000034d5a8  /apex/com.android.art/lib64/libart.so (artQuickToInterpreterBridge+1932) (BuildId: 27d824f901af23b82abd1f08138ee412)
2024-10-22 13:17:10.369  8918-8918  DEBUG                   pid-8918                             A        #72 pc 0000000000379098  /apex/com.android.art/lib64/libart.so (art_quick_to_interpreter_bridge+88) (BuildId: 27d824f901af23b82abd1f08138ee412)
2024-10-22 13:17:10.369  8918-8918  DEBUG                   pid-8918                             A        #73 pc 0000000000362a40  /apex/com.android.art/lib64/libart.so (art_quick_invoke_static_stub+640) (BuildId: 27d824f901af23b82abd1f08138ee412)
2024-10-22 13:17:10.369  8918-8918  DEBUG                   pid-8918                             A        #74 pc 000000000035e42c  /apex/com.android.art/lib64/libart.so (_jobject* art::InvokeMethod<(art::PointerSize)8>(art::ScopedObjectAccessAlreadyRunnable const&, _jobject*, _jobject*, _jobject*, unsigned long)+732) (BuildId: 27d824f901af23b82abd1f08138ee412)
2024-10-22 13:17:10.369  8918-8918  DEBUG                   pid-8918                             A        #75 pc 00000000006c8b78  /apex/com.android.art/lib64/libart.so (art::Method_invoke(_JNIEnv*, _jobject*, _jobject*, _jobjectArray*) (.__uniq.165753521025965369065708152063621506277)+32) (BuildId: 27d824f901af23b82abd1f08138ee412)
2024-10-22 13:17:10.369  8918-8918  DEBUG                   pid-8918                             A        #76 pc 0000000000378f70  /apex/com.android.art/lib64/libart.so (art_quick_generic_jni_trampoline+144) (BuildId: 27d824f901af23b82abd1f08138ee412)
2024-10-22 13:17:10.369  8918-8918  DEBUG                   pid-8918                             A        #77 pc 0000000000362774  /apex/com.android.art/lib64/libart.so (art_quick_invoke_stub+612) (BuildId: 27d824f901af23b82abd1f08138ee412)
2024-10-22 13:17:10.369  8918-8918  DEBUG                   pid-8918                             A        #78 pc 000000000035bd1c  /apex/com.android.art/lib64/libart.so (bool art::interpreter::DoCall<false>(art::ArtMethod*, art::Thread*, art::ShadowFrame&, art::Instruction const*, unsigned short, bool, art::JValue*)+1928) (BuildId: 27d824f901af23b82abd1f08138ee412)
2024-10-22 13:17:10.369  8918-8918  DEBUG                   pid-8918                             A        #79 pc 000000000076dd80  /apex/com.android.art/lib64/libart.so (void art::interpreter::ExecuteSwitchImplCpp<false>(art::interpreter::SwitchImplContext*)+12208) (BuildId: 27d824f901af23b82abd1f08138ee412)
2024-10-22 13:17:10.369  8918-8918  DEBUG                   pid-8918                             A        #80 pc 000000000037b5d8  /apex/com.android.art/lib64/libart.so (ExecuteSwitchImplAsm+8) (BuildId: 27d824f901af23b82abd1f08138ee412)
2024-10-22 13:17:10.369  8918-8918  DEBUG                   pid-8918                             A        #81 pc 00000000001da9c4  /system/framework/framework.jar (com.android.internal.os.RuntimeInit$MethodAndArgsCaller.run+0)
2024-10-22 13:17:10.369  8918-8918  DEBUG                   pid-8918                             A        #82 pc 000000000034d5a8  /apex/com.android.art/lib64/libart.so (artQuickToInterpreterBridge+1932) (BuildId: 27d824f901af23b82abd1f08138ee412)
2024-10-22 13:17:10.369  8918-8918  DEBUG                   pid-8918                             A        #83 pc 0000000000379098  /apex/com.android.art/lib64/libart.so (art_quick_to_interpreter_bridge+88) (BuildId: 27d824f901af23b82abd1f08138ee412)
2024-10-22 13:17:10.369  8918-8918  DEBUG                   pid-8918                             A        #84 pc 0000000000800784  /system/framework/arm64/boot-framework.oat (com.android.internal.os.ZygoteInit.main+3028) (BuildId: ad632790be0b519f5a290fc6f87bf3477e818849)
2024-10-22 13:17:10.369  8918-8918  DEBUG                   pid-8918                             A        #85 pc 0000000000362a40  /apex/com.android.art/lib64/libart.so (art_quick_invoke_static_stub+640) (BuildId: 27d824f901af23b82abd1f08138ee412)
2024-10-22 13:17:10.369  8918-8918  DEBUG                   pid-8918                             A        #86 pc 000000000034df38  /apex/com.android.art/lib64/libart.so (art::ArtMethod::Invoke(art::Thread*, unsigned int*, unsigned int, art::JValue*, char const*)+204) (BuildId: 27d824f901af23b82abd1f08138ee412)
2024-10-22 13:17:10.369  8918-8918  DEBUG                   pid-8918                             A        #87 pc 000000000034beec  /apex/com.android.art/lib64/libart.so (art::JValue art::InvokeWithVarArgs<_jmethodID*>(art::ScopedObjectAccessAlreadyRunnable const&, _jobject*, _jmethodID*, std::__va_list)+512) (BuildId: 27d824f901af23b82abd1f08138ee412)
2024-10-22 13:17:10.369  8918-8918  DEBUG                   pid-8918                             A        #88 pc 0000000000739bf4  /apex/com.android.art/lib64/libart.so (art::JNI<true>::CallStaticVoidMethodV(_JNIEnv*, _jclass*, _jmethodID*, std::__va_list)+104) (BuildId: 27d824f901af23b82abd1f08138ee412)
2024-10-22 13:17:10.369  8918-8918  DEBUG                   pid-8918                             A        #89 pc 00000000000d9638  /system/lib64/libandroid_runtime.so (_JNIEnv::CallStaticVoidMethod(_jclass*, _jmethodID*, ...)+104) (BuildId: eff1b8bd5012a4e622ce582463d08b3f)
2024-10-22 13:17:10.369  8918-8918  DEBUG                   pid-8918                             A        #90 pc 00000000000ef85c  /system/lib64/libandroid_runtime.so (android::AndroidRuntime::start(char const*, android::Vector<android::String8> const&, bool)+844) (BuildId: eff1b8bd5012a4e622ce582463d08b3f)
2024-10-22 13:17:10.369  8918-8918  DEBUG                   pid-8918                             A        #91 pc 000000000000459c  /system/bin/app_process64 (main+1212) (BuildId: 18817e69fa9f3dd793c579c83f790ddf)
2024-10-22 13:17:10.369  8918-8918  DEBUG                   pid-8918                             A        #92 pc 0000000000057854  /apex/com.android.runtime/lib64/bionic/libc.so (__libc_init+116) (BuildId: d607b2dd86e0ffc603529ce13afab7fa)
2024-10-22 13:17:10.375   603-603   tombstoned              tombstoned                           E  Tombstone written to: tombstone_14
2024-10-22 13:17:10.376  1473-8922  DropBoxManagerService   system_server                        I  add tag=data_app_native_crash isTagEnabled=true flags=0x6
2024-10-22 13:17:10.376  1473-8921  ActivityTaskManager     system_server                        W    Force finishing activity com.example.testapp/.MainActivity
2024-10-22 13:17:10.376  1863-1909  WindowManagerShell      com.android.systemui                 V  Transition requested (#32): android.os.BinderProxy@baceaaf TransitionRequestInfo { type = CLOSE, triggerTask = null, pipTask = null, remoteTransition = null, displayChange = null, flags = 10, debugId = 32 }
2024-10-22 13:17:10.378  1473-1721  DropBoxManagerService   system_server                        I  add tag=SYSTEM_TOMBSTONE_PROTO_WITH_HEADERS isTagEnabled=true flags=0x4
2024-10-22 13:17:10.379  2377-2377  VRI[NexusL...rActivity] com...le.android.apps.nexuslauncher  D  visibilityChanged oldVisibility=false newVisibility=true
2024-10-22 13:17:10.385  2377-2377  NexusLaunc...elDelegate com...le.android.apps.nexuslauncher  D  notifySmartspaceEvent: SmartspaceTargetEvent{mSmartspaceTarget=null, mSmartspaceActionId='null', mEventType=6}
1970-01-01 03:00:00.000     0-0     <no-tag>                                                     I  ---------------------------- PROCESS ENDED (8889) for package com.example.testapp ----------------------------

